src/app/dashboard/events/page.tsx(108,18): error TS2769: No overload matches this call.
  Overload 1 of 2, '(props: { component: ElementType<any, keyof IntrinsicElements>; } & GridBaseProps & { sx?: SxProps<Theme> | undefined; } & Omit<...>): Element | null', gave the following error.
    Property 'component' is missing in type '{ children: Element; item: true; xs: number; md: number; lg: number; key: any; }' but required in type '{ component: ElementType<any, keyof IntrinsicElements>; }'.
  Overload 2 of 2, '(props: DefaultComponentProps<GridTypeMap<{}, "div">>): Element | null', gave the following error.
    Type '{ children: Element; item: true; xs: number; md: number; lg: number; key: any; }' is not assignable to type 'IntrinsicAttributes & GridBaseProps & { sx?: SxProps<Theme> | undefined; } & Omit<DetailedHTMLProps<HTMLAttributes<HTMLDivElement>, HTMLDivElement>, "sx" | keyof GridBaseProps>'.
      Property 'item' does not exist on type 'IntrinsicAttributes & GridBaseProps & { sx?: SxProps<Theme> | undefined; } & Omit<DetailedHTMLProps<HTMLAttributes<HTMLDivElement>, HTMLDivElement>, "sx" | keyof GridBaseProps>'.
src/app/dashboard/events/page.tsx(143,25): error TS2769: No overload matches this call.
  Overload 1 of 3, '(props: { href: string; } & ButtonOwnProps & Omit<ButtonBaseOwnProps, keyof ButtonOwnProps> & Omit<ButtonBaseOwnProps, "action" | ... 11 more ... | keyof ButtonOwnProps> & CommonProps & Omit<...>): Element', gave the following error.
    Type '"soft"' is not assignable to type 'OverridableStringUnion<"text" | "outlined" | "contained", ButtonPropsVariantOverrides> | undefined'.
  Overload 2 of 3, '(props: { component: ElementType<any, keyof IntrinsicElements>; } & ButtonOwnProps & Omit<ButtonBaseOwnProps, keyof ButtonOwnProps> & Omit<...> & CommonProps & Omit<...>): Element | null', gave the following error.
    Type '"soft"' is not assignable to type 'OverridableStringUnion<"text" | "outlined" | "contained", ButtonPropsVariantOverrides> | undefined'.
  Overload 3 of 3, '(props: DefaultComponentProps<ExtendButtonBaseTypeMap<ButtonTypeMap<{}, "button">>>): Element | null', gave the following error.
    Type '"soft"' is not assignable to type 'OverridableStringUnion<"text" | "outlined" | "contained", ButtonPropsVariantOverrides> | undefined'.
src/app/dashboard/page.tsx(51,14): error TS2769: No overload matches this call.
  Overload 1 of 2, '(props: { component: ElementType<any, keyof IntrinsicElements>; } & GridBaseProps & { sx?: SxProps<Theme> | undefined; } & Omit<...>): Element | null', gave the following error.
    Property 'component' is missing in type '{ children: Element; item: true; xs: number; md: number; }' but required in type '{ component: ElementType<any, keyof IntrinsicElements>; }'.
  Overload 2 of 2, '(props: DefaultComponentProps<GridTypeMap<{}, "div">>): Element | null', gave the following error.
    Type '{ children: Element; item: true; xs: number; md: number; }' is not assignable to type 'IntrinsicAttributes & GridBaseProps & { sx?: SxProps<Theme> | undefined; } & Omit<DetailedHTMLProps<HTMLAttributes<HTMLDivElement>, HTMLDivElement>, "sx" | keyof GridBaseProps>'.
      Property 'item' does not exist on type 'IntrinsicAttributes & GridBaseProps & { sx?: SxProps<Theme> | undefined; } & Omit<DetailedHTMLProps<HTMLAttributes<HTMLDivElement>, HTMLDivElement>, "sx" | keyof GridBaseProps>'.
src/app/dashboard/page.tsx(65,14): error TS2769: No overload matches this call.
  Overload 1 of 2, '(props: { component: ElementType<any, keyof IntrinsicElements>; } & GridBaseProps & { sx?: SxProps<Theme> | undefined; } & Omit<...>): Element | null', gave the following error.
    Property 'component' is missing in type '{ children: Element; item: true; xs: number; md: number; }' but required in type '{ component: ElementType<any, keyof IntrinsicElements>; }'.
  Overload 2 of 2, '(props: DefaultComponentProps<GridTypeMap<{}, "div">>): Element | null', gave the following error.
    Type '{ children: Element; item: true; xs: number; md: number; }' is not assignable to type 'IntrinsicAttributes & GridBaseProps & { sx?: SxProps<Theme> | undefined; } & Omit<DetailedHTMLProps<HTMLAttributes<HTMLDivElement>, HTMLDivElement>, "sx" | keyof GridBaseProps>'.
      Property 'item' does not exist on type 'IntrinsicAttributes & GridBaseProps & { sx?: SxProps<Theme> | undefined; } & Omit<DetailedHTMLProps<HTMLAttributes<HTMLDivElement>, HTMLDivElement>, "sx" | keyof GridBaseProps>'.
src/app/dashboard/page.tsx(79,14): error TS2769: No overload matches this call.
  Overload 1 of 2, '(props: { component: ElementType<any, keyof IntrinsicElements>; } & GridBaseProps & { sx?: SxProps<Theme> | undefined; } & Omit<...>): Element | null', gave the following error.
    Property 'component' is missing in type '{ children: Element; item: true; xs: number; md: number; }' but required in type '{ component: ElementType<any, keyof IntrinsicElements>; }'.
  Overload 2 of 2, '(props: DefaultComponentProps<GridTypeMap<{}, "div">>): Element | null', gave the following error.
    Type '{ children: Element; item: true; xs: number; md: number; }' is not assignable to type 'IntrinsicAttributes & GridBaseProps & { sx?: SxProps<Theme> | undefined; } & Omit<DetailedHTMLProps<HTMLAttributes<HTMLDivElement>, HTMLDivElement>, "sx" | keyof GridBaseProps>'.
      Property 'item' does not exist on type 'IntrinsicAttributes & GridBaseProps & { sx?: SxProps<Theme> | undefined; } & Omit<DetailedHTMLProps<HTMLAttributes<HTMLDivElement>, HTMLDivElement>, "sx" | keyof GridBaseProps>'.
src/app/dashboard/scoring/page.tsx(168,22): error TS2769: No overload matches this call.
  Overload 1 of 2, '(props: { component: ElementType<any, keyof IntrinsicElements>; } & GridBaseProps & { sx?: SxProps<Theme> | undefined; } & Omit<...>): Element | null', gave the following error.
    Property 'component' is missing in type '{ children: Element; item: true; xs: number; md: number; key: any; }' but required in type '{ component: ElementType<any, keyof IntrinsicElements>; }'.
  Overload 2 of 2, '(props: DefaultComponentProps<GridTypeMap<{}, "div">>): Element | null', gave the following error.
    Type '{ children: Element; item: true; xs: number; md: number; key: any; }' is not assignable to type 'IntrinsicAttributes & GridBaseProps & { sx?: SxProps<Theme> | undefined; } & Omit<DetailedHTMLProps<HTMLAttributes<HTMLDivElement>, HTMLDivElement>, "sx" | keyof GridBaseProps>'.
      Property 'item' does not exist on type 'IntrinsicAttributes & GridBaseProps & { sx?: SxProps<Theme> | undefined; } & Omit<DetailedHTMLProps<HTMLAttributes<HTMLDivElement>, HTMLDivElement>, "sx" | keyof GridBaseProps>'.
src/app/dashboard/scoring/page.tsx(176,28): error TS2769: No overload matches this call.
  Overload 1 of 2, '(props: { component: ElementType<any, keyof IntrinsicElements>; } & StackOwnProps & CommonProps & Omit<any, keyof CommonProps | keyof StackOwnProps>): Element | null', gave the following error.
    Property 'component' is missing in type '{ children: Element[]; direction: "row"; spacing: number; alignItems: string; sx: { mb: number; }; }' but required in type '{ component: ElementType<any, keyof IntrinsicElements>; }'.
  Overload 2 of 2, '(props: DefaultComponentProps<StackTypeMap<{}, "div">>): Element | null', gave the following error.
    Type '{ children: Element[]; direction: "row"; spacing: number; alignItems: string; sx: { mb: number; }; }' is not assignable to type 'IntrinsicAttributes & StackOwnProps & CommonProps & Omit<DetailedHTMLProps<HTMLAttributes<HTMLDivElement>, HTMLDivElement>, keyof CommonProps | keyof StackOwnProps>'.
      Property 'alignItems' does not exist on type 'IntrinsicAttributes & StackOwnProps & CommonProps & Omit<DetailedHTMLProps<HTMLAttributes<HTMLDivElement>, HTMLDivElement>, keyof CommonProps | keyof StackOwnProps>'.
src/app/dashboard/standings/page.tsx(47,14): error TS2769: No overload matches this call.
  Overload 1 of 2, '(props: { component: ElementType<any, keyof IntrinsicElements>; } & StackOwnProps & CommonProps & Omit<any, keyof CommonProps | keyof StackOwnProps>): Element | null', gave the following error.
    Property 'component' is missing in type '{ children: Element[]; direction: "row"; spacing: number; alignItems: string; }' but required in type '{ component: ElementType<any, keyof IntrinsicElements>; }'.
  Overload 2 of 2, '(props: DefaultComponentProps<StackTypeMap<{}, "div">>): Element | null', gave the following error.
    Type '{ children: Element[]; direction: "row"; spacing: number; alignItems: string; }' is not assignable to type 'IntrinsicAttributes & StackOwnProps & CommonProps & Omit<DetailedHTMLProps<HTMLAttributes<HTMLDivElement>, HTMLDivElement>, keyof CommonProps | keyof StackOwnProps>'.
      Property 'alignItems' does not exist on type 'IntrinsicAttributes & StackOwnProps & CommonProps & Omit<DetailedHTMLProps<HTMLAttributes<HTMLDivElement>, HTMLDivElement>, keyof CommonProps | keyof StackOwnProps>'.
src/app/login/page.tsx(82,8): error TS2769: No overload matches this call.
  Overload 1 of 2, '(props: { component: ElementType<any, keyof IntrinsicElements>; } & GridBaseProps & { sx?: SxProps<Theme> | undefined; } & Omit<...>): Element | null', gave the following error.
    Property 'component' is missing in type '{ children: Element; item: true; xs: number; md: number; lg: number; sx: { display: "flex"; alignItems: "center"; justifyContent: "center"; p: { xs: number; md: number; lg: number; }; zIndex: number; }; }' but required in type '{ component: ElementType<any, keyof IntrinsicElements>; }'.
  Overload 2 of 2, '(props: DefaultComponentProps<GridTypeMap<{}, "div">>): Element | null', gave the following error.
    Type '{ children: Element; item: true; xs: number; md: number; lg: number; sx: { display: "flex"; alignItems: "center"; justifyContent: "center"; p: { xs: number; md: number; lg: number; }; zIndex: number; }; }' is not assignable to type 'IntrinsicAttributes & GridBaseProps & { sx?: SxProps<Theme> | undefined; } & Omit<DetailedHTMLProps<HTMLAttributes<HTMLDivElement>, HTMLDivElement>, "sx" | keyof GridBaseProps>'.
      Property 'item' does not exist on type 'IntrinsicAttributes & GridBaseProps & { sx?: SxProps<Theme> | undefined; } & Omit<DetailedHTMLProps<HTMLAttributes<HTMLDivElement>, HTMLDivElement>, "sx" | keyof GridBaseProps>'.
src/app/login/page.tsx(195,8): error TS2769: No overload matches this call.
  Overload 1 of 2, '(props: { component: ElementType<any, keyof IntrinsicElements>; } & GridBaseProps & { sx?: SxProps<Theme> | undefined; } & Omit<...>): Element | null', gave the following error.
    Property 'component' is missing in type '{ children: Element; item: true; md: number; lg: number; sx: { display: { xs: "none"; md: "flex"; }; alignItems: "center"; justifyContent: "center"; position: "relative"; overflow: "hidden"; backgroundImage: "url(/assets/sporty_login_bg.png)"; backgroundSize: string; backgroundPosition: string; '&:before': { ...; };...' but required in type '{ component: ElementType<any, keyof IntrinsicElements>; }'.
  Overload 2 of 2, '(props: DefaultComponentProps<GridTypeMap<{}, "div">>): Element | null', gave the following error.
    Type '{ children: Element; item: true; md: number; lg: number; sx: { display: { xs: "none"; md: "flex"; }; alignItems: "center"; justifyContent: "center"; position: "relative"; overflow: "hidden"; backgroundImage: "url(/assets/sporty_login_bg.png)"; backgroundSize: string; backgroundPosition: string; '&:before': { ...; };...' is not assignable to type 'IntrinsicAttributes & GridBaseProps & { sx?: SxProps<Theme> | undefined; } & Omit<DetailedHTMLProps<HTMLAttributes<HTMLDivElement>, HTMLDivElement>, "sx" | keyof GridBaseProps>'.
      Property 'item' does not exist on type 'IntrinsicAttributes & GridBaseProps & { sx?: SxProps<Theme> | undefined; } & Omit<DetailedHTMLProps<HTMLAttributes<HTMLDivElement>, HTMLDivElement>, "sx" | keyof GridBaseProps>'.
src/components/dashboard/StandingsDashboard.tsx(187,14): error TS2769: No overload matches this call.
  Overload 1 of 2, '(props: { component: ElementType<any, keyof IntrinsicElements>; } & StackOwnProps & CommonProps & Omit<any, keyof CommonProps | keyof StackOwnProps>): Element | null', gave the following error.
    Property 'component' is missing in type '{ children: Element[]; direction: "row"; justifyContent: string; alignItems: string; sx: { mb: number; pt: number; }; }' but required in type '{ component: ElementType<any, keyof IntrinsicElements>; }'.
  Overload 2 of 2, '(props: DefaultComponentProps<StackTypeMap<{}, "div">>): Element | null', gave the following error.
    Type '{ children: Element[]; direction: "row"; justifyContent: string; alignItems: string; sx: { mb: number; pt: number; }; }' is not assignable to type 'IntrinsicAttributes & StackOwnProps & CommonProps & Omit<DetailedHTMLProps<HTMLAttributes<HTMLDivElement>, HTMLDivElement>, keyof CommonProps | keyof StackOwnProps>'.
      Property 'justifyContent' does not exist on type 'IntrinsicAttributes & StackOwnProps & CommonProps & Omit<DetailedHTMLProps<HTMLAttributes<HTMLDivElement>, HTMLDivElement>, keyof CommonProps | keyof StackOwnProps>'.
src/components/dashboard/StandingsDashboard.tsx(188,16): error TS2769: No overload matches this call.
  Overload 1 of 2, '(props: { component: ElementType<any, keyof IntrinsicElements>; } & StackOwnProps & CommonProps & Omit<any, keyof CommonProps | keyof StackOwnProps>): Element | null', gave the following error.
    Property 'component' is missing in type '{ children: Element[]; direction: "row"; spacing: number; alignItems: string; }' but required in type '{ component: ElementType<any, keyof IntrinsicElements>; }'.
  Overload 2 of 2, '(props: DefaultComponentProps<StackTypeMap<{}, "div">>): Element | null', gave the following error.
    Type '{ children: Element[]; direction: "row"; spacing: number; alignItems: string; }' is not assignable to type 'IntrinsicAttributes & StackOwnProps & CommonProps & Omit<DetailedHTMLProps<HTMLAttributes<HTMLDivElement>, HTMLDivElement>, keyof CommonProps | keyof StackOwnProps>'.
      Property 'alignItems' does not exist on type 'IntrinsicAttributes & StackOwnProps & CommonProps & Omit<DetailedHTMLProps<HTMLAttributes<HTMLDivElement>, HTMLDivElement>, keyof CommonProps | keyof StackOwnProps>'.
src/components/dashboard/StandingsDashboard.tsx(250,18): error TS2769: No overload matches this call.
  Overload 1 of 2, '(props: { component: ElementType<any, keyof IntrinsicElements>; } & StackOwnProps & CommonProps & Omit<any, keyof CommonProps | keyof StackOwnProps>): Element | null', gave the following error.
    Property 'component' is missing in type '{ children: Element[]; alignItems: string; justifyContent: string; sx: { height: string; opacity: number; }; }' but required in type '{ component: ElementType<any, keyof IntrinsicElements>; }'.
  Overload 2 of 2, '(props: DefaultComponentProps<StackTypeMap<{}, "div">>): Element | null', gave the following error.
    Type '{ children: Element[]; alignItems: string; justifyContent: string; sx: { height: string; opacity: number; }; }' is not assignable to type 'IntrinsicAttributes & StackOwnProps & CommonProps & Omit<DetailedHTMLProps<HTMLAttributes<HTMLDivElement>, HTMLDivElement>, keyof CommonProps | keyof StackOwnProps>'.
      Property 'alignItems' does not exist on type 'IntrinsicAttributes & StackOwnProps & CommonProps & Omit<DetailedHTMLProps<HTMLAttributes<HTMLDivElement>, HTMLDivElement>, keyof CommonProps | keyof StackOwnProps>'.
